== PR 1129 feat/settings-and-excuse-authorization 09:13 base-pr=none
branch tip bb390304; dev f31c97e7; PR files vs dev before: 13
merge-dev exit=1
conflicts(development): lib/Settings/learniq_register.json
resolved lib/Settings/learniq_register.json
prep OK
lib/Settings/learniq_register.json: info.version 0.29.1 -> 0.29.2 (dev 0.29.1)
appinfo/info.xml: <version> 0.3.6-unstable.20260927180000 ok (dev 0.3.6-unstable.20260927180000, branch 0.3.6-unstable.20260927180000, merge-base 0.3.6-unstable.20260927180000)
lib/Settings/learniq_register.json: 0 new, 0 inherited, 0 fixed
lib/Settings/learniq_mock_register.json: 0 new, 0 inherited, 0 fixed
BOTH-CHANGED /info/description | merged has it
lib/Settings/learniq_register.json: 0 mismatches
checks: check:register=0 check:schema-l10n=0 check:l10n-js=0 check:json-strict=0 check:manifest=0 check:specs=0
php -l on conflicted PHP (0 files) exit=0
phpunit-exit=0
Tests: 1948, Assertions: 129399, Skipped: 5.
defects=0
phpunit: 0 defects; new vs current dev set: 0; fixed: 0
phpmd: 0 findings; new (file+rule) vs baseline (0): 0 
verify OK
ed47236c merge development into feat/settings-and-excuse-authorization
pushed feat/settings-and-excuse-authorization ed47236c1136d01645c57a48306bc62f22f48ec5
PR files vs dev after: 13 (+1195/-22)
